2026-08-12 00:51:38.691 [INFO] wgpu_hal::vulkan::adapter:3546 -> Found 2 cooperative matrix configurations supported by wgpu
2026-08-12 00:51:38.703 [INFO] slush::renderer::backend::mesh_builder:236 -> Words: [
    "mtllib",
    "Quads.mtl",
]
2026-08-12 00:51:38.703 [INFO] slush::renderer::backend::mesh_builder:236 -> Words: [
    "#",
    "vertices",
]
2026-08-12 00:51:38.703 [INFO] slush::renderer::backend::mesh_builder:236 -> Words: [
    "v",
    "-32",
    "-16",
    "-32",
]
2026-08-12 00:51:38.703 [INFO] slush::renderer::backend::mesh_builder:236 -> Words: [
    "v",
    "-32",
    "-16",
    "32",
]
2026-08-12 00:51:38.703 [INFO] slush::renderer::backend::mesh_builder:236 -> Words: [
    "v",
    "-32",
    "0",
    "32",
]
2026-08-12 00:51:38.703 [INFO] slush::renderer::backend::mesh_builder:236 -> Words: [
    "v",
    "-32",
    "0",
    "-32",
]
2026-08-12 00:51:38.703 [INFO] slush::renderer::backend::mesh_builder:236 -> Words: [
    "v",
    "32",
    "0",
    "32",
]
2026-08-12 00:51:38.703 [INFO] slush::renderer::backend::mesh_builder:236 -> Words: [
    "v",
    "32",
    "-16",
    "32",
]
2026-08-12 00:51:38.703 [INFO] slush::renderer::backend::mesh_builder:236 -> Words: [
    "v",
    "32",
    "-16",
    "-32",
]
2026-08-12 00:51:38.703 [INFO] slush::renderer::backend::mesh_builder:236 -> Words: [
    "v",
    "32",
    "0",
    "-32",
]
2026-08-12 00:51:38.703 [INFO] slush::renderer::backend::mesh_builder:236 -> Words: [
    "v",
    "-16",
    "0",
    "-16",
]
2026-08-12 00:51:38.703 [INFO] slush::renderer::backend::mesh_builder:236 -> Words: [
    "v",
    "-16",
    "0",
    "16",
]
2026-08-12 00:51:38.703 [INFO] slush::renderer::backend::mesh_builder:236 -> Words: [
    "v",
    "-16",
    "40",
    "16",
]
2026-08-12 00:51:38.703 [INFO] slush::renderer::backend::mesh_builder:236 -> Words: [
    "v",
    "-16",
    "40",
    "-16",
]
2026-08-12 00:51:38.703 [INFO] slush::renderer::backend::mesh_builder:236 -> Words: [
    "v",
    "16",
    "40",
    "16",
]
2026-08-12 00:51:38.703 [INFO] slush::renderer::backend::mesh_builder:236 -> Words: [
    "v",
    "16",
    "0",
    "16",
]
2026-08-12 00:51:38.703 [INFO] slush::renderer::backend::mesh_builder:236 -> Words: [
    "v",
    "16",
    "0",
    "-16",
]
2026-08-12 00:51:38.703 [INFO] slush::renderer::backend::mesh_builder:236 -> Words: [
    "v",
    "16",
    "40",
    "-16",
]
2026-08-12 00:51:38.703 [INFO] slush::renderer::backend::mesh_builder:236 -> Words: []
