2026-08-12 00:54:33.097 [INFO] wgpu_hal::vulkan::adapter:3546 -> Found 2 cooperative matrix configurations supported by wgpu
2026-08-12 00:54:33.108 [INFO] slush::renderer::backend::mesh_builder:236 -> Words: [
    "mtllib",
    "Quads.mtl",
]
2026-08-12 00:54:33.108 [INFO] slush::renderer::backend::mesh_builder:236 -> Words: [
    "#",
    "vertices",
]
2026-08-12 00:54:33.108 [INFO] slush::renderer::backend::mesh_builder:236 -> Words: [
    "v",
    "-32",
    "-16",
    "-32",
]
2026-08-12 00:54:33.108 [INFO] slush::renderer::backend::mesh_builder:236 -> Words: [
    "v",
    "-32",
    "-16",
    "32",
]
2026-08-12 00:54:33.108 [INFO] slush::renderer::backend::mesh_builder:236 -> Words: [
    "v",
    "-32",
    "0",
    "32",
]
2026-08-12 00:54:33.108 [INFO] slush::renderer::backend::mesh_builder:236 -> Words: [
    "v",
    "-32",
    "0",
    "-32",
]
2026-08-12 00:54:33.108 [INFO] slush::renderer::backend::mesh_builder:236 -> Words: [
    "v",
    "32",
    "0",
    "32",
]
2026-08-12 00:54:33.108 [INFO] slush::renderer::backend::mesh_builder:236 -> Words: [
    "v",
    "32",
    "-16",
    "32",
]
2026-08-12 00:54:33.108 [INFO] slush::renderer::backend::mesh_builder:236 -> Words: [
    "v",
    "32",
    "-16",
    "-32",
]
2026-08-12 00:54:33.108 [INFO] slush::renderer::backend::mesh_builder:236 -> Words: [
    "v",
    "32",
    "0",
    "-32",
]
2026-08-12 00:54:33.108 [INFO] slush::renderer::backend::mesh_builder:236 -> Words: [
    "v",
    "-16",
    "0",
    "-16",
]
2026-08-12 00:54:33.108 [INFO] slush::renderer::backend::mesh_builder:236 -> Words: [
    "v",
    "-16",
    "0",
    "16",
]
2026-08-12 00:54:33.108 [INFO] slush::renderer::backend::mesh_builder:236 -> Words: [
    "v",
    "-16",
    "40",
    "16",
]
2026-08-12 00:54:33.108 [INFO] slush::renderer::backend::mesh_builder:236 -> Words: [
    "v",
    "-16",
    "40",
    "-16",
]
2026-08-12 00:54:33.108 [INFO] slush::renderer::backend::mesh_builder:236 -> Words: [
    "v",
    "16",
    "40",
    "16",
]
2026-08-12 00:54:33.108 [INFO] slush::renderer::backend::mesh_builder:236 -> Words: [
    "v",
    "16",
    "0",
    "16",
]
2026-08-12 00:54:33.108 [INFO] slush::renderer::backend::mesh_builder:236 -> Words: [
    "v",
    "16",
    "0",
    "-16",
]
2026-08-12 00:54:33.108 [INFO] slush::renderer::backend::mesh_builder:236 -> Words: [
    "v",
    "16",
    "40",
    "-16",
]
2026-08-12 00:54:33.108 [INFO] slush::renderer::backend::mesh_builder:236 -> Words: []
2026-08-12 00:54:33.108 [INFO] slush::renderer::backend::mesh_builder:236 -> Words: [
    "#",
    "texture",
    "coordinates",
]
2026-08-12 00:54:33.108 [INFO] slush::renderer::backend::mesh_builder:236 -> Words: [
    "vt",
    "2",
    "-0.5",
]
2026-08-12 00:54:33.108 [INFO] slush::renderer::backend::mesh_builder:236 -> Words: [
    "vt",
    "-2",
    "-0.5",
]
2026-08-12 00:54:33.108 [INFO] slush::renderer::backend::mesh_builder:236 -> Words: [
    "vt",
    "-2",
    "0.5",
]
2026-08-12 00:54:33.108 [INFO] slush::renderer::backend::mesh_builder:236 -> Words: [
    "vt",
    "2",
    "0.5",
]
2026-08-12 00:54:33.108 [INFO] slush::renderer::backend::mesh_builder:236 -> Words: [
    "vt",
    "2",
    "-2",
]
2026-08-12 00:54:33.108 [INFO] slush::renderer::backend::mesh_builder:236 -> Words: [
    "vt",
    "-2",
    "-2",
]
2026-08-12 00:54:33.108 [INFO] slush::renderer::backend::mesh_builder:236 -> Words: [
    "vt",
    "-2",
    "2",
]
2026-08-12 00:54:33.108 [INFO] slush::renderer::backend::mesh_builder:236 -> Words: [
    "vt",
    "2",
    "2",
]
2026-08-12 00:54:33.108 [INFO] slush::renderer::backend::mesh_builder:236 -> Words: [
    "vt",
    "0.75",
    "-0.25",
]
2026-08-12 00:54:33.108 [INFO] slush::renderer::backend::mesh_builder:236 -> Words: [
    "vt",
    "-1.25",
    "-0.25",
]
2026-08-12 00:54:33.108 [INFO] slush::renderer::backend::mesh_builder:236 -> Words: [
    "vt",
    "-1.25",
    "2.25",
]
2026-08-12 00:54:33.108 [INFO] slush::renderer::backend::mesh_builder:236 -> Words: [
    "vt",
    "0.75",
    "2.25",
]
2026-08-12 00:54:33.108 [INFO] slush::renderer::backend::mesh_builder:236 -> Words: [
    "vt",
    "1",
    "3",
]
2026-08-12 00:54:33.108 [INFO] slush::renderer::backend::mesh_builder:236 -> Words: [
    "vt",
    "-1",
    "3",
]
2026-08-12 00:54:33.108 [INFO] slush::renderer::backend::mesh_builder:236 -> Words: [
    "vt",
    "-1",
    "0.5",
]
2026-08-12 00:54:33.108 [INFO] slush::renderer::backend::mesh_builder:236 -> Words: [
    "vt",
    "1",
    "0.5",
]
2026-08-12 00:54:33.108 [INFO] slush::renderer::backend::mesh_builder:236 -> Words: [
    "vt",
    "1",
    "-1",
]
2026-08-12 00:54:33.108 [INFO] slush::renderer::backend::mesh_builder:236 -> Words: [
    "vt",
    "-1",
    "-1",
]
2026-08-12 00:54:33.108 [INFO] slush::renderer::backend::mesh_builder:236 -> Words: [
    "vt",
    "-1",
    "1",
]
2026-08-12 00:54:33.108 [INFO] slush::renderer::backend::mesh_builder:236 -> Words: [
    "vt",
    "1",
    "1",
]
2026-08-12 00:54:33.108 [INFO] slush::renderer::backend::mesh_builder:236 -> Words: []
2026-08-12 00:54:33.108 [INFO] slush::renderer::backend::mesh_builder:236 -> Words: [
    "#",
    "normals",
]
2026-08-12 00:54:33.109 [INFO] slush::renderer::backend::mesh_builder:236 -> Words: [
    "vn",
    "-1",
    "0",
    "-0",
]
2026-08-12 00:54:33.109 [INFO] slush::renderer::backend::mesh_builder:236 -> Words: [
    "vn",
    "0",
    "0",
    "1",
]
2026-08-12 00:54:33.109 [INFO] slush::renderer::backend::mesh_builder:236 -> Words: [
    "vn",
    "0",
    "-1",
    "-0",
]
2026-08-12 00:54:33.109 [INFO] slush::renderer::backend::mesh_builder:236 -> Words: [
    "vn",
    "0",
    "1",
    "-0",
]
2026-08-12 00:54:33.109 [INFO] slush::renderer::backend::mesh_builder:236 -> Words: [
    "vn",
    "0",
    "0",
    "-1",
]
2026-08-12 00:54:33.109 [INFO] slush::renderer::backend::mesh_builder:236 -> Words: [
    "vn",
    "1",
    "0",
    "-0",
]
2026-08-12 00:54:33.109 [INFO] slush::renderer::backend::mesh_builder:236 -> Words: []
2026-08-12 00:54:33.109 [INFO] slush::renderer::backend::mesh_builder:236 -> Words: [
    "o",
    "entity0_brush0",
]
2026-08-12 00:54:33.109 [INFO] slush::renderer::backend::mesh_builder:236 -> Words: [
    "usemtl",
    "__TB_empty",
]
2026-08-12 00:54:33.109 [INFO] slush::renderer::backend::mesh_builder:236 -> Words: [
    "f",
    "1/1/1",
    "2/2/1",
    "3/3/1",
    "4/4/1",
]
2026-08-12 00:54:33.109 [INFO] slush::renderer::backend::mesh_builder:236 -> Words: [
    "usemtl",
    "__TB_empty",
]
2026-08-12 00:54:33.109 [INFO] slush::renderer::backend::mesh_builder:236 -> Words: [
    "f",
    "5/4/2",
    "3/3/2",
    "2/2/2",
    "6/1/2",
]
2026-08-12 00:54:33.109 [INFO] slush::renderer::backend::mesh_builder:236 -> Words: [
    "usemtl",
    "__TB_empty",
]
2026-08-12 00:54:33.109 [INFO] slush::renderer::backend::mesh_builder:236 -> Words: [
    "f",
    "6/5/3",
    "2/6/3",
    "1/7/3",
    "7/8/3",
]
2026-08-12 00:54:33.109 [INFO] slush::renderer::backend::mesh_builder:236 -> Words: [
    "usemtl",
    "__TB_empty",
]
2026-08-12 00:54:33.109 [INFO] slush::renderer::backend::mesh_builder:236 -> Words: [
    "f",
    "8/8/4",
    "4/7/4",
    "3/6/4",
    "5/5/4",
]
2026-08-12 00:54:33.109 [INFO] slush::renderer::backend::mesh_builder:236 -> Words: [
    "usemtl",
    "__TB_empty",
]
2026-08-12 00:54:33.109 [INFO] slush::renderer::backend::mesh_builder:236 -> Words: [
    "f",
    "7/1/5",
    "1/2/5",
    "4/3/5",
    "8/4/5",
]
2026-08-12 00:54:33.109 [INFO] slush::renderer::backend::mesh_builder:236 -> Words: [
    "usemtl",
    "__TB_empty",
]
2026-08-12 00:54:33.109 [INFO] slush::renderer::backend::mesh_builder:236 -> Words: [
    "f",
    "8/4/6",
    "5/3/6",
    "6/2/6",
    "7/1/6",
]
2026-08-12 00:54:33.109 [INFO] slush::renderer::backend::mesh_builder:236 -> Words: []
2026-08-12 00:54:33.109 [INFO] slush::renderer::backend::mesh_builder:236 -> Words: [
    "o",
    "entity0_brush1",
]
2026-08-12 00:54:33.109 [INFO] slush::renderer::backend::mesh_builder:236 -> Words: [
    "usemtl",
    "__TB_empty",
]
2026-08-12 00:54:33.109 [INFO] slush::renderer::backend::mesh_builder:236 -> Words: [
    "f",
    "9/9/1",
    "10/10/1",
    "11/11/1",
    "12/12/1",
]
2026-08-12 00:54:33.109 [INFO] slush::renderer::backend::mesh_builder:236 -> Words: [
    "usemtl",
    "__TB_empty",
]
2026-08-12 00:54:33.109 [INFO] slush::renderer::backend::mesh_builder:236 -> Words: [
    "f",
    "13/13/2",
    "11/14/2",
    "10/15/2",
    "14/16/2",
]
2026-08-12 00:54:33.109 [INFO] slush::renderer::backend::mesh_builder:236 -> Words: [
    "usemtl",
    "__TB_empty",
]
2026-08-12 00:54:33.109 [INFO] slush::renderer::backend::mesh_builder:236 -> Words: [
    "f",
    "14/17/3",
    "10/18/3",
    "9/19/3",
    "15/20/3",
]
2026-08-12 00:54:33.109 [INFO] slush::renderer::backend::mesh_builder:236 -> Words: [
    "usemtl",
    "__TB_empty",
]
2026-08-12 00:54:33.109 [INFO] slush::renderer::backend::mesh_builder:236 -> Words: [
    "f",
    "16/20/4",
    "12/19/4",
    "11/18/4",
    "13/17/4",
]
2026-08-12 00:54:33.109 [INFO] slush::renderer::backend::mesh_builder:236 -> Words: [
    "usemtl",
    "__TB_empty",
]
2026-08-12 00:54:33.109 [INFO] slush::renderer::backend::mesh_builder:236 -> Words: [
    "f",
    "15/16/5",
    "9/15/5",
    "12/14/5",
    "16/13/5",
]
2026-08-12 00:54:33.109 [INFO] slush::renderer::backend::mesh_builder:236 -> Words: [
    "usemtl",
    "__TB_empty",
]
2026-08-12 00:54:33.109 [INFO] slush::renderer::backend::mesh_builder:236 -> Words: [
    "f",
    "16/12/6",
    "13/11/6",
    "14/10/6",
    "15/9/6",
]
2026-08-12 00:54:33.109 [INFO] slush::renderer::backend::mesh_builder:236 -> Words: []
2026-08-12 00:54:33.109 [INFO] slush::renderer::backend::mesh_builder:236 -> Words: []
